// Jest Snapshot v1, https://goo.gl/fbAQLP

exports[`Tests for Todo component Should add todo when form has been submited 1`] = `[Function]`;
